
> gastos-app@0.1.0 build
> next build

Ôû▓ Next.js 16.1.4 (Turbopack)
- Environments: .env.local

ÔÜá The "middleware" file convention is deprecated. Please use "proxy" instead. Learn more: https://nextjs.org/docs/messages/middleware-to-proxy
  Creating an optimized production build ...
  Using external babel configuration from C:\Users\josec\OneDrive\Documentos\GastosPersonales\gastos-app\.babelrc
Ô£ô Compiled successfully in 13.7s
  Running TypeScript ...
  Collecting page data using 15 workers ...
  Generating static pages using 15 workers (0/20) ...
Ô¿» useSearchParams() should be wrapped in a suspense boundary at page "/reset-password". Read more: https://nextjs.org/docs/messages/missing-suspense-with-csr-bailout
    at Q (C:\Users\josec\OneDrive\Documentos\GastosPersonales\gastos-app\.next\server\chunks\ssr\node_modules_next_920e7746._.js:2:2111)
    at o (C:\Users\josec\OneDrive\Documentos\GastosPersonales\gastos-app\.next\server\chunks\ssr\node_modules_next_920e7746._.js:4:5284)
    at q (C:\Users\josec\OneDrive\Documentos\GastosPersonales\gastos-app\.next\server\chunks\ssr\[root-of-the-server]__0076e300._.js:1:3901)
    at an (C:\Users\josec\OneDrive\Documentos\GastosPersonales\gastos-app\node_modules\next\dist\compiled\next-server\app-page-turbo.runtime.prod.js:2:84360)
    at ai (C:\Users\josec\OneDrive\Documentos\GastosPersonales\gastos-app\node_modules\next\dist\compiled\next-server\app-page-turbo.runtime.prod.js:2:86179)
    at al (C:\Users\josec\OneDrive\Documentos\GastosPersonales\gastos-app\node_modules\next\dist\compiled\next-server\app-page-turbo.runtime.prod.js:2:107953)
    at as (C:\Users\josec\OneDrive\Documentos\GastosPersonales\gastos-app\node_modules\next\dist\compiled\next-server\app-page-turbo.runtime.prod.js:2:105368)
    at aa (C:\Users\josec\OneDrive\Documentos\GastosPersonales\gastos-app\node_modules\next\dist\compiled\next-server\app-page-turbo.runtime.prod.js:2:84712)
    at ai (C:\Users\josec\OneDrive\Documentos\GastosPersonales\gastos-app\node_modules\next\dist\compiled\next-server\app-page-turbo.runtime.prod.js:2:86228)
    at ai (C:\Users\josec\OneDrive\Documentos\GastosPersonales\gastos-app\node_modules\next\dist\compiled\next-server\app-page-turbo.runtime.prod.js:2:104708)
Error occurred prerendering page "/reset-password". Read more: https://nextjs.org/docs/messages/prerender-error
Export encountered an error on /(auth)/reset-password/page: /reset-password, exiting the build.
Ô¿» Next.js build worker exited with code: 1 and signal: null
