
> gastos-app@0.1.0 test
> jest

PASS src/lib/__tests__/utils.extras.test.ts
PASS src/lib/__tests__/utils.test.ts
FAIL src/lib/__tests__/validators.test.ts
  ÔùÅ Validators ÔÇ║ categorySchema ÔÇ║ validates hex colors

    TypeError: Cannot read properties of undefined (reading '0')

      18 |             expect(result.success).toBe(false)
      19 |             if (!result.success) {
    > 20 |                 expect(result.error.errors[0].message).toBe('Color inv├ílido')
         |                                           ^
      21 |             }
      22 |         })
      23 |     })

      at Object.<anonymous> (src/lib/__tests__/validators.test.ts:20:43)

  ÔùÅ Validators ÔÇ║ incomeSchema ÔÇ║ requires frequency if recurring

    TypeError: Cannot read properties of undefined (reading '0')

      42 |             expect(result.success).toBe(false)
      43 |             if (!result.success) {
    > 44 |                 expect(result.error.errors[0].message).toBe('La frecuencia es requerida para ingresos recurrentes')
         |                                           ^
      45 |             }
      46 |         })
      47 |

      at Object.<anonymous> (src/lib/__tests__/validators.test.ts:44:43)

  ÔùÅ Validators ÔÇ║ incomeSchema ÔÇ║ requires total amount to be positive

    TypeError: Cannot read properties of undefined (reading '0')

      55 |             expect(result.success).toBe(false)
      56 |             if (!result.success) {
    > 57 |                 expect(result.error.errors[0].message).toBe('El monto debe ser mayor a 0')
         |                                           ^
      58 |             }
      59 |         })
      60 |     })

      at Object.<anonymous> (src/lib/__tests__/validators.test.ts:57:43)

  ÔùÅ Validators ÔÇ║ expenseSchema ÔÇ║ requires frequency if recurring and not an installment

    TypeError: Cannot read properties of undefined (reading '0')

      78 |             expect(result.success).toBe(false)
      79 |             if (!result.success) {
    > 80 |                 expect(result.error.errors[0].message).toBe('La frecuencia es requerida para gastos recurrentes')
         |                                           ^
      81 |             }
      82 |         })
      83 |

      at Object.<anonymous> (src/lib/__tests__/validators.test.ts:80:43)

  ÔùÅ Validators ÔÇ║ expenseSchema ÔÇ║ fails installments if pieces are missing

    TypeError: Cannot read properties of undefined (reading '0')

      103 |             expect(result.success).toBe(false)
      104 |             if (!result.success) {
    > 105 |                 expect(result.error.errors[0].path).toContain('installments')
          |                                           ^
      106 |             }
      107 |         })
      108 |

      at Object.<anonymous> (src/lib/__tests__/validators.test.ts:105:43)

  ÔùÅ Validators ÔÇ║ expenseSchema ÔÇ║ fails installments if total missing

    TypeError: Cannot read properties of undefined (reading '0')

      117 |             expect(result.success).toBe(false)
      118 |             if (!result.success) {
    > 119 |                 expect(result.error.errors[0].path).toContain('total_amount')
          |                                           ^
      120 |             }
      121 |         })
      122 |

      at Object.<anonymous> (src/lib/__tests__/validators.test.ts:119:43)

  ÔùÅ Validators ÔÇ║ expenseSchema ÔÇ║ fails if amount <= 0

    TypeError: Cannot read properties of undefined (reading '0')

      126 |             expect(result.success).toBe(false)
      127 |             if (!result.success) {
    > 128 |                 expect(result.error.errors[0].message).toBe('El monto debe ser mayor a 0')
          |                                           ^
      129 |             }
      130 |         })
      131 |     })

      at Object.<anonymous> (src/lib/__tests__/validators.test.ts:128:43)

PASS src/components/ui/__tests__/loading-skeleton.test.tsx
  ÔùÅ Console

    console.warn
      Your app (or one of its dependencies) is using an outdated JSX transform. Update to the modern JSX transform for faster performance: https://react.dev/link/new-jsx-transform

       9 | describe('LoadingSkeleton', () => {
      10 |     it('should render text skeleton with correct count', () => {
    > 11 |         const { container } = render(<LoadingSkeleton variant="text" count={3} />)
         |                                      ^
      12 |         const skeletons = container.querySelectorAll('[data-testid="skeleton-text"]')
      13 |         expect(skeletons).toHaveLength(3)
      14 |     })

      at process.env.NODE_ENV.exports.createElement (node_modules/react/cjs/react.development.js:1014:19)
      at Object.__jsx (src/components/ui/__tests__/loading-skeleton.test.tsx:11:38)

FAIL src/components/ui/__tests__/pagination.test.tsx
  ÔùÅ Console

    console.warn
      Your app (or one of its dependencies) is using an outdated JSX transform. Update to the modern JSX transform for faster performance: https://react.dev/link/new-jsx-transform

       5 |     it('renders correctly', () => {
       6 |         render(
    >  7 |             <Pagination
         |             ^
       8 |                 currentPage={1}
       9 |                 totalPages={5}
      10 |                 totalItems={50}

      at process.env.NODE_ENV.exports.createElement (node_modules/react/cjs/react.development.js:1014:19)
      at Object.__jsx (src/components/ui/__tests__/pagination.test.tsx:7:13)

  ÔùÅ Pagination ÔÇ║ renders correctly

    TestingLibraryElementError: Found multiple elements with the text: 1

    Here are the matching elements:

    Ignored nodes: comments, script, style
    <span
      class="font-medium text-white"
    >
      1
    </span>

    Ignored nodes: comments, script, style
    <button
      class="relative inline-flex items-center px-4 py-2 text-sm font-medium transition-colors z-10 bg-blue-500/20 border-blue-500/50 text-blue-400"
    >
      1
    </button>

    (If this is intentional, then use the `*AllBy*` variant of the query (like `queryAllByText`, `getAllByText`, or `findAllByText`)).

    Ignored nodes: comments, script, style
    <body>
      <div>
        <div
          class="flex items-center justify-between px-4 py-3 border-t border-white/10"
        >
          <div
            class="flex-1 flex justify-between sm:hidden"
          >
            <button
              class="relative inline-flex items-center px-4 py-2 text-sm font-medium rounded-lg bg-white/5 hover:bg-white/10 disabled:opacity-50 disabled:cursor-not-allowed transition-colors"
              disabled=""
            >
              Anterior
            </button>
            <button
              class="relative ml-3 inline-flex items-center px-4 py-2 text-sm font-medium rounded-lg bg-white/5 hover:bg-white/10 disabled:opacity-50 disabled:cursor-not-allowed transition-colors"
            >
              Siguiente
            </button>
          </div>
          <div
            class="hidden sm:flex-1 sm:flex sm:items-center sm:justify-between"
          >
            <div>
              <p
                class="text-sm text-neutral-400"
              >
                Mostrando 
                <span
                  class="font-medium text-white"
                >
                  1
                </span>
                 a
                 
                <span
                  class="font-medium text-white"
                >
                  10
                </span>
                 de
                 
                <span
                  class="font-medium text-white"
                >
                  50
                </span>
                 resultados
              </p>
            </div>
            <div>
              <nav
                aria-label="Pagination"
                class="relative z-0 inline-flex rounded-lg shadow-sm -space-x-px"
              >
                <button
                  class="relative inline-flex items-center px-2 py-2 rounded-l-lg bg-white/5 hover:bg-white/10 disabled:opacity-50 disabled:cursor-not-allowed transition-colors"
                  disabled=""
                >
                  <span
                    class="sr-only"
                  >
                    Anterior
                  </span>
                  <svg
                    class="h-5 w-5"
                    fill="currentColor"
                    viewBox="0 0 20 20"
                    xmlns="http://www.w3.org/2000/svg"
                  >
                    <path
                      clip-rule="evenodd"
                      d="M12.707 5.293a1 1 0 010 1.414L9.414 10l3.293 3.293a1 1 0 01-1.414 1.414l-4-4a1 1 0 010-1.414l4-4a1 1 0 011.414 0z"
                      fill-rule="evenodd"
                    />
                  </svg>
                </button>
                <button
                  class="relative inline-flex items-center px-4 py-2 text-sm font-medium transition-colors z-10 bg-blue-500/20 border-blue-500/50 text-blue-400"
                >
                  1
                </button>
                <button
                  class="relative inline-flex items-center px-4 py-2 text-sm font-medium transition-colors bg-white/5 hover:bg-white/10"
                >
                  2
                </button>
                <button
                  class="relative inline-flex items-center px-4 py-2 text-sm font-medium transition-colors bg-white/5 hover:bg-white/10"
                >
                  3
                </button>
                <button
                  class="relative inline-flex items-center px-4 py-2 text-sm font-medium transition-colors bg-white/5 hover:bg-white/10"
                >
                  4
                </button>
                <button
                  class="relative inline-flex items-center px-4 py-2 text-sm font-medium transition-colors bg-white/5 hover:bg-white/10"
                >
                  5
                </button>
                <button
                  class="relative inline-flex items-center px-2 py-2 rounded-r-lg bg-white/5 hover:bg-white/10 disabled:opacity-50 disabled:cursor-not-allowed transition-colors"
                >
                  <span
                    class="sr-only"
                  >
                    Siguiente
                  </span>
                  <svg
                    class="h-5 w-5"
                    fill="currentColor"
                    viewBox="0 0 20 20"
                    xmlns="http://www.w3.org/2000/svg"
                  >
                    <path
                      clip-rule="evenodd"
                      d="M7.293 14.707a1 1 0 010-1.414L10.586 10 7.293 6.707a1 1 0 011.414-1.414l4 4a1 1 0 010 1.414l-4 4a1 1 0 01-1.414 0z"
                      fill-rule="evenodd"
                    />
                  </svg>
                </button>
              </nav>
            </div>
          </div>
        </div>
      </div>
    </body>

      15 |
      16 |         expect(screen.getByText(/Mostrando/i)).toBeInTheDocument()
    > 17 |         expect(screen.getByText('1')).toBeInTheDocument()
         |                       ^
      18 |         expect(screen.getByText('10')).toBeInTheDocument()
      19 |         expect(screen.getByText('50')).toBeInTheDocument()
      20 |     })

      at Object.getElementError (node_modules/@testing-library/dom/dist/config.js:37:19)
      at getElementError (node_modules/@testing-library/dom/dist/query-helpers.js:20:35)
      at getMultipleElementsFoundError (node_modules/@testing-library/dom/dist/query-helpers.js:23:10)
      at node_modules/@testing-library/dom/dist/query-helpers.js:55:13
      at node_modules/@testing-library/dom/dist/query-helpers.js:95:19
      at Object.getByText (src/components/ui/__tests__/pagination.test.tsx:17:23)

FAIL src/components/expenses/__tests__/ExpenseForm.test.tsx
  ÔùÅ Console

    console.warn
      Your app (or one of its dependencies) is using an outdated JSX transform. Update to the modern JSX transform for faster performance: https://react.dev/link/new-jsx-transform

      16 |     it('renders basic fields', () => {
      17 |         render(
    > 18 |             <ExpenseForm
         |             ^
      19 |                 categories={mockCategories}
      20 |                 paymentMethods={mockPaymentMethods}
      21 |                 onSubmit={jest.fn()}

      at process.env.NODE_ENV.exports.createElement (node_modules/react/cjs/react.development.js:1014:19)
      at Object.__jsx (src/components/expenses/__tests__/ExpenseForm.test.tsx:18:13)

  ÔùÅ ExpenseForm ÔÇ║ renders basic fields

    TestingLibraryElementError: Found a label with the text of: /Monto \*/i, however no form control was found associated to that label. Make sure you're using the "for" attribute or "aria-labelledby" attribute correctly.

    Ignored nodes: comments, script, style
    <body>
      <div>
        <form
          class="space-y-6"
        >
          <div
            class="grid grid-cols-3 gap-4"
          >
            <div
              class="col-span-2"
            >
              <label
                class="input-label"
              >
                Monto *
              </label>
              <input
                class="input-field"
                min="0"
                name="amount"
                placeholder="0"
                step="1"
                type="number"
              />
            </div>
            <div>
              <label
                class="input-label"
              >
                Moneda
              </label>
              <select
                class="input-field"
                name="currency"
              >
                <option
                  value="CLP"
                >
                  CLP
                </option>
                <option
                  value="USD"
                >
                  USD
                </option>
                <option
                  value="EUR"
                >
                  EUR
                </option>
              </select>
            </div>
          </div>
          <div>
            <label
              class="input-label"
            >
              Fecha *
            </label>
            <input
              class="input-field"
              name="expense_date"
              type="date"
            />
          </div>
          <div>
            <label
              class="input-label"
            >
              Categor├¡a
            </label>
            <select
              class="input-field"
              name="category_id"
            >
              <option
                value=""
              >
                Sin categor├¡a
              </option>
              <option
                value="cat-1"
              >
                Comida
              </option>
            </select>
          </div>
          <div>
            <label
              class="input-label"
            >
              M├®todo de pago
            </label>
            <select
              class="input-field"
              name="payment_method_id"
            >
              <option
                value=""
              >
                Sin especificar
              </option>
              <option
                value="pm-1"
              >
                Efectivo
              </option>
              <option
                value="pm-2"
              >
                Tarjeta de Cr├®dito
              </option>
            </select>
          </div>
          <div>
            <label
              class="input-label"
            >
              Descripci├│n
            </label>
            <input
              class="input-field"
              name="description"
              placeholder="Ej: Refrigerador Samsung"
              type="text"
            />
          </div>
          <div>
            <label
              class="input-label"
            >
              Comercio
            </label>
            <input
              class="input-field"
              name="merchant"
              placeholder="Ej: Ripley, Falabella, Lider"
              type="text"
            />
          </div>
          <div>
            <div
              class="flex items-center gap-3"
            >
              <input
                class="w-5 h-5 rounded border-[var(--border-color)] bg-[var(--bg-secondary)] text-emerald-500 focus:ring-emerald-500 focus:ring-offset-0"
                id="is_recurring"
                name="is_recurring"
                type="checkbox"
              />
              <label
                class="text-white font-medium cursor-pointer flex items-center gap-2"
                for="is_recurring"
              >
                <svg
                  aria-hidden="true"
                  class="lucide lucide-rotate-ccw w-4 h-4 text-emerald-400"
                  fill="none"
                  height="24"
                  stroke="currentColor"
                  stroke-linecap="round"
                  stroke-linejoin="round"
                  stroke-width="2"
                  viewBox="0 0 24 24"
                  width="24"
                  xmlns="http://www.w3.org/2000/svg"
                >
                  <path
                    d="M3 12a9 9 0 1 0 9-9 9.75 9.75 0 0 0-6.74 2.74L3 8"
                  />
                  <path
                    d="M3 3v5h5"
                  />
                </svg>
                Es un gasto recurrente (arriendo, Netflix, etc.)
              </label>
            </div>
          </div>
          <div
            class="flex items-center gap-4 pt-4"
          >
            <button
              class="btn-gradient flex-1 flex items-center justify-center gap-2"
              type="submit"
            >
              <span>
                Crear gasto
              </span>
            </button>
          </div>
        </form>
      </div>
    </body>

      24 |         )
      25 |
    > 26 |         expect(screen.getByLabelText(/Monto \*/i)).toBeInTheDocument()
         |                       ^
      27 |         expect(screen.getByLabelText(/Fecha \*/i)).toBeInTheDocument()
      28 |         expect(screen.getByLabelText(/Categor├¡a/i)).toBeInTheDocument()
      29 |         expect(screen.getByLabelText(/M├®todo de pago/i)).toBeInTheDocument()

      at Object.getElementError (node_modules/@testing-library/dom/dist/config.js:37:19)
      at getAllByLabelText (node_modules/@testing-library/dom/dist/queries/label-text.js:108:40)
      at node_modules/@testing-library/dom/dist/query-helpers.js:52:17
      at node_modules/@testing-library/dom/dist/query-helpers.js:95:19
      at Object.getByLabelText (src/components/expenses/__tests__/ExpenseForm.test.tsx:26:23)

  ÔùÅ ExpenseForm ÔÇ║ shows recurring fields when checked

    Found a label with the text of: /Frecuencia \*/i, however no form control was found associated to that label. Make sure you're using the "for" attribute or "aria-labelledby" attribute correctly.

    Ignored nodes: comments, script, style
    <body>
      <div>
        <form
          class="space-y-6"
        >
          <div
            class="grid grid-cols-3 gap-4"
          >
            <div
              class="col-span-2"
            >
              <label
                class="input-label"
              >
                Monto *
              </label>
              <input
                class="input-field"
                min="0"
                name="amount"
                placeholder="0"
                step="1"
                type="number"
              />
            </div>
            <div>
              <label
                class="input-label"
              >
                Moneda
              </label>
              <select
                class="input-field"
                name="currency"
              >
                <option
                  value="CLP"
                >
                  CLP
                </option>
                <option
                  value="USD"
                >
                  USD
                </option>
                <option
                  value="EUR"
                >
                  EUR
                </option>
              </select>
            </div>
          </div>
          <div>
            <label
              class="input-label"
            >
              Fecha *
            </label>
            <input
              class="input-field"
              name="expense_date"
              type="date"
            />
          </div>
          <div>
            <label
              class="input-label"
            >
              Categor├¡a
            </label>
            <select
              class="input-field"
              name="category_id"
            >
              <option
                value=""
              >
                Sin categor├¡a
              </option>
              <option
                value="cat-1"
              >
                Comida
              </option>
            </select>
          </div>
          <div>
            <label
              class="input-label"
            >
              M├®todo de pago
            </label>
            <select
              class="input-field"
              name="payment_method_id"
            >
              <option
                value=""
              >
                Sin especificar
              </option>
              <option
                value="pm-1"
              >
                Efectivo
              </option>
              <option
                value="pm-2"
              >
                Tarjeta de Cr├®dito
              </option>
            </select>
          </div>
          <div>
            <label
              class="input-label"
            >
              Descripci├│n
            </label>
            <input
              class="input-field"
              name="description"
              placeholder="Ej: Refrigerador Samsung"
              type="text"
            />
          </div>
          <div>
            <label
              class="input-label"
            >
              Comercio
            </label>
            <input
              class="input-field"
              name="merchant"
              placeholder="Ej: Ripley, Falabella, Lider"
              type="text"
            />
          </div>
          <div>
            <div
              class="flex items-center gap-3"
            >
              <input
                class="w-5 h-5 rounded border-[var(--border-color)] bg-[var(--bg-secondary)] text-emerald-500 focus:ring-emerald-500 focus:ring-offset-0"
                id="is_recurring"
                name="is_recurring"
                type="checkbox"
              />
              <label
                class="text-white font-medium cursor-pointer flex items-center gap-2"
                for="is_recurring"
              >
                <svg
                  aria-hidden="true"
                  class="lucide lucide-rotate-ccw w-4 h-4 text-emerald-400"
                  fill="none"
                  height="24"
                  stroke="currentColor"
                  stroke-linecap="round"
                  stroke-linejoin="round"
                  stroke-width="2"
                  viewBox="0 0 24 24"
                  width="24"
                  xmlns="http://www.w3.org/2000/svg"
                >
                  <path
                    d="M3 12a9 9 0 1 0 9-9 9.75 9.75 0 0 0-6.74 2.74L3 8"
                  />
                  <path
                    d="M3 3v5h5"
                  />
                </svg>
                Es un gasto recurrente (arriendo, Netflix, etc.)
              </label>
            </div>
            <div
              class="mt-3 p-4 rounded-xl bg-[var(--bg-secondary)] border border-[var(--border-color)] space-y-4 animate-fadeIn"
            >
              <div>
                <label
                  class="input-label"
                >
                  Frecuencia *
                </label>
                <select
                  class="input-field"
                  name="recurring_frequency"
                >
                  <option
                    value=""
                  >
                    Seleccionar...
                  </option>
                  <option
                    value="weekly"
                  >
                    Semanal
                  </option>
                  <option
                    value="monthly"
                  >
                    Mensual
                  </option>
                  <option
                    value="yearly"
                  >
                    Anual
                  </option>
                </select>
              </div>
              <div>
                <label
                  class="input-label"
                >
                  Fecha de inicio
                </label>
                <input
                  class="input-field"
                  name="recurring_start_date"
                  type="date"
                />
              </div>
            </div>
          </div>
          <div
            class="flex items-center gap-4 pt-4"
          >
            <button
              class="btn-gradient flex-1 flex items-center justify-center gap-2"
              type="submit"
            >
              <span>
                Crear gasto
              </span>
            </button>
          </div>
        </form>
      </div>
    </body>

      45 |         fireEvent.click(recurringCheckbox)
      46 |
    > 47 |         expect(await screen.findByLabelText(/Frecuencia \*/i)).toBeInTheDocument()
         |                             ^
      48 |         expect(await screen.findByLabelText(/Fecha de inicio/i)).toBeInTheDocument()
      49 |     })
      50 |

      at waitForWrapper (node_modules/@testing-library/dom/dist/wait-for.js:163:27)
      at node_modules/@testing-library/dom/dist/query-helpers.js:86:33
      at Object.findByLabelText (src/components/expenses/__tests__/ExpenseForm.test.tsx:47:29)

  ÔùÅ ExpenseForm ÔÇ║ shows installments options when credit method selected

    TestingLibraryElementError: Found a label with the text of: /M├®todo de pago/i, however no form control was found associated to that label. Make sure you're using the "for" attribute or "aria-labelledby" attribute correctly.

    Ignored nodes: comments, script, style
    <body>
      <div>
        <form
          class="space-y-6"
        >
          <div
            class="grid grid-cols-3 gap-4"
          >
            <div
              class="col-span-2"
            >
              <label
                class="input-label"
              >
                Monto *
              </label>
              <input
                class="input-field"
                min="0"
                name="amount"
                placeholder="0"
                step="1"
                type="number"
              />
            </div>
            <div>
              <label
                class="input-label"
              >
                Moneda
              </label>
              <select
                class="input-field"
                name="currency"
              >
                <option
                  value="CLP"
                >
                  CLP
                </option>
                <option
                  value="USD"
                >
                  USD
                </option>
                <option
                  value="EUR"
                >
                  EUR
                </option>
              </select>
            </div>
          </div>
          <div>
            <label
              class="input-label"
            >
              Fecha *
            </label>
            <input
              class="input-field"
              name="expense_date"
              type="date"
            />
          </div>
          <div>
            <label
              class="input-label"
            >
              Categor├¡a
            </label>
            <select
              class="input-field"
              name="category_id"
            >
              <option
                value=""
              >
                Sin categor├¡a
              </option>
              <option
                value="cat-1"
              >
                Comida
              </option>
            </select>
          </div>
          <div>
            <label
              class="input-label"
            >
              M├®todo de pago
            </label>
            <select
              class="input-field"
              name="payment_method_id"
            >
              <option
                value=""
              >
                Sin especificar
              </option>
              <option
                value="pm-1"
              >
                Efectivo
              </option>
              <option
                value="pm-2"
              >
                Tarjeta de Cr├®dito
              </option>
            </select>
          </div>
          <div>
            <label
              class="input-label"
            >
              Descripci├│n
            </label>
            <input
              class="input-field"
              name="description"
              placeholder="Ej: Refrigerador Samsung"
              type="text"
            />
          </div>
          <div>
            <label
              class="input-label"
            >
              Comercio
            </label>
            <input
              class="input-field"
              name="merchant"
              placeholder="Ej: Ripley, Falabella, Lider"
              type="text"
            />
          </div>
          <div>
            <div
              class="flex items-center gap-3"
            >
              <input
                class="w-5 h-5 rounded border-[var(--border-color)] bg-[var(--bg-secondary)] text-emerald-500 focus:ring-emerald-500 focus:ring-offset-0"
                id="is_recurring"
                name="is_recurring"
                type="checkbox"
              />
              <label
                class="text-white font-medium cursor-pointer flex items-center gap-2"
                for="is_recurring"
              >
                <svg
                  aria-hidden="true"
                  class="lucide lucide-rotate-ccw w-4 h-4 text-emerald-400"
                  fill="none"
                  height="24"
                  stroke="currentColor"
                  stroke-linecap="round"
                  stroke-linejoin="round"
                  stroke-width="2"
                  viewBox="0 0 24 24"
                  width="24"
                  xmlns="http://www.w3.org/2000/svg"
                >
                  <path
                    d="M3 12a9 9 0 1 0 9-9 9.75 9.75 0 0 0-6.74 2.74L3 8"
                  />
                  <path
                    d="M3 3v5h5"
                  />
                </svg>
                Es un gasto recurrente (arriendo, Netflix, etc.)
              </label>
            </div>
          </div>
          <div
            class="flex items-center gap-4 pt-4"
          >
            <button
              class="btn-gradient flex-1 flex items-center justify-center gap-2"
              type="submit"
            >
              <span>
                Crear gasto
              </span>
            </button>
          </div>
        </form>
      </div>
    </body>

      59 |         )
      60 |
    > 61 |         const pmSelect = screen.getByLabelText(/M├®todo de pago/i)
         |                                 ^
      62 |
      63 |         // Inicialmente no debe estar el texto de cuotas
      64 |         expect(screen.queryByText(/┬┐En cu├íntas cuotas?/i)).not.toBeInTheDocument()

      at Object.getElementError (node_modules/@testing-library/dom/dist/config.js:37:19)
      at getAllByLabelText (node_modules/@testing-library/dom/dist/queries/label-text.js:108:40)
      at node_modules/@testing-library/dom/dist/query-helpers.js:52:17
      at node_modules/@testing-library/dom/dist/query-helpers.js:95:19
      at Object.getByLabelText (src/components/expenses/__tests__/ExpenseForm.test.tsx:61:33)

  ÔùÅ ExpenseForm ÔÇ║ hides recurring options when installments are active

    TestingLibraryElementError: Found a label with the text of: /M├®todo de pago/i, however no form control was found associated to that label. Make sure you're using the "for" attribute or "aria-labelledby" attribute correctly.

    Ignored nodes: comments, script, style
    <body>
      <div>
        <form
          class="space-y-6"
        >
          <div
            class="grid grid-cols-3 gap-4"
          >
            <div
              class="col-span-2"
            >
              <label
                class="input-label"
              >
                Monto *
              </label>
              <input
                class="input-field"
                min="0"
                name="amount"
                placeholder="0"
                step="1"
                type="number"
              />
            </div>
            <div>
              <label
                class="input-label"
              >
                Moneda
              </label>
              <select
                class="input-field"
                name="currency"
              >
                <option
                  value="CLP"
                >
                  CLP
                </option>
                <option
                  value="USD"
                >
                  USD
                </option>
                <option
                  value="EUR"
                >
                  EUR
                </option>
              </select>
            </div>
          </div>
          <div>
            <label
              class="input-label"
            >
              Fecha *
            </label>
            <input
              class="input-field"
              name="expense_date"
              type="date"
            />
          </div>
          <div>
            <label
              class="input-label"
            >
              Categor├¡a
            </label>
            <select
              class="input-field"
              name="category_id"
            >
              <option
                value=""
              >
                Sin categor├¡a
              </option>
              <option
                value="cat-1"
              >
                Comida
              </option>
            </select>
          </div>
          <div>
            <label
              class="input-label"
            >
              M├®todo de pago
            </label>
            <select
              class="input-field"
              name="payment_method_id"
            >
              <option
                value=""
              >
                Sin especificar
              </option>
              <option
                value="pm-1"
              >
                Efectivo
              </option>
              <option
                value="pm-2"
              >
                Tarjeta de Cr├®dito
              </option>
            </select>
          </div>
          <div>
            <label
              class="input-label"
            >
              Descripci├│n
            </label>
            <input
              class="input-field"
              name="description"
              placeholder="Ej: Refrigerador Samsung"
              type="text"
            />
          </div>
          <div>
            <label
              class="input-label"
            >
              Comercio
            </label>
            <input
              class="input-field"
              name="merchant"
              placeholder="Ej: Ripley, Falabella, Lider"
              type="text"
            />
          </div>
          <div>
            <div
              class="flex items-center gap-3"
            >
              <input
                class="w-5 h-5 rounded border-[var(--border-color)] bg-[var(--bg-secondary)] text-emerald-500 focus:ring-emerald-500 focus:ring-offset-0"
                id="is_recurring"
                name="is_recurring"
                type="checkbox"
              />
              <label
                class="text-white font-medium cursor-pointer flex items-center gap-2"
                for="is_recurring"
              >
                <svg
                  aria-hidden="true"
                  class="lucide lucide-rotate-ccw w-4 h-4 text-emerald-400"
                  fill="none"
                  height="24"
                  stroke="currentColor"
                  stroke-linecap="round"
                  stroke-linejoin="round"
                  stroke-width="2"
                  viewBox="0 0 24 24"
                  width="24"
                  xmlns="http://www.w3.org/2000/svg"
                >
                  <path
                    d="M3 12a9 9 0 1 0 9-9 9.75 9.75 0 0 0-6.74 2.74L3 8"
                  />
                  <path
                    d="M3 3v5h5"
                  />
                </svg>
                Es un gasto recurrente (arriendo, Netflix, etc.)
              </label>
            </div>
          </div>
          <div
            class="flex items-center gap-4 pt-4"
          >
            <button
              class="btn-gradient flex-1 flex items-center justify-center gap-2"
              type="submit"
            >
              <span>
                Crear gasto
              </span>
            </button>
          </div>
        </form>
      </div>
    </body>

      88 |
      89 |         // Activa cuotas
    > 90 |         const pmSelect = screen.getByLabelText(/M├®todo de pago/i)
         |                                 ^
      91 |         fireEvent.change(pmSelect, { target: { value: 'pm-2' } })
      92 |         
      93 |         const installmentsCheckbox = await screen.findByLabelText(/Compra en cuotas/i)

      at Object.getElementError (node_modules/@testing-library/dom/dist/config.js:37:19)
      at getAllByLabelText (node_modules/@testing-library/dom/dist/queries/label-text.js:108:40)
      at node_modules/@testing-library/dom/dist/query-helpers.js:52:17
      at node_modules/@testing-library/dom/dist/query-helpers.js:95:19
      at Object.getByLabelText (src/components/expenses/__tests__/ExpenseForm.test.tsx:90:33)

  ÔùÅ ExpenseForm ÔÇ║ submits form correctly

    TestingLibraryElementError: Found a label with the text of: /Monto \*/i, however no form control was found associated to that label. Make sure you're using the "for" attribute or "aria-labelledby" attribute correctly.

    Ignored nodes: comments, script, style
    <body>
      <div>
        <form
          class="space-y-6"
        >
          <div
            class="grid grid-cols-3 gap-4"
          >
            <div
              class="col-span-2"
            >
              <label
                class="input-label"
              >
                Monto *
              </label>
              <input
                class="input-field"
                min="0"
                name="amount"
                placeholder="0"
                step="1"
                type="number"
              />
            </div>
            <div>
              <label
                class="input-label"
              >
                Moneda
              </label>
              <select
                class="input-field"
                name="currency"
              >
                <option
                  value="CLP"
                >
                  CLP
                </option>
                <option
                  value="USD"
                >
                  USD
                </option>
                <option
                  value="EUR"
                >
                  EUR
                </option>
              </select>
            </div>
          </div>
          <div>
            <label
              class="input-label"
            >
              Fecha *
            </label>
            <input
              class="input-field"
              name="expense_date"
              type="date"
            />
          </div>
          <div>
            <label
              class="input-label"
            >
              Categor├¡a
            </label>
            <select
              class="input-field"
              name="category_id"
            >
              <option
                value=""
              >
                Sin categor├¡a
              </option>
              <option
                value="cat-1"
              >
                Comida
              </option>
            </select>
          </div>
          <div>
            <label
              class="input-label"
            >
              M├®todo de pago
            </label>
            <select
              class="input-field"
              name="payment_method_id"
            >
              <option
                value=""
              >
                Sin especificar
              </option>
              <option
                value="pm-1"
              >
                Efectivo
              </option>
              <option
                value="pm-2"
              >
                Tarjeta de Cr├®dito
              </option>
            </select>
          </div>
          <div>
            <label
              class="input-label"
            >
              Descripci├│n
            </label>
            <input
              class="input-field"
              name="description"
              placeholder="Ej: Refrigerador Samsung"
              type="text"
            />
          </div>
          <div>
            <label
              class="input-label"
            >
              Comercio
            </label>
            <input
              class="input-field"
              name="merchant"
              placeholder="Ej: Ripley, Falabella, Lider"
              type="text"
            />
          </div>
          <div>
            <div
              class="flex items-center gap-3"
            >
              <input
                class="w-5 h-5 rounded border-[var(--border-color)] bg-[var(--bg-secondary)] text-emerald-500 focus:ring-emerald-500 focus:ring-offset-0"
                id="is_recurring"
                name="is_recurring"
                type="checkbox"
              />
              <label
                class="text-white font-medium cursor-pointer flex items-center gap-2"
                for="is_recurring"
              >
                <svg
                  aria-hidden="true"
                  class="lucide lucide-rotate-ccw w-4 h-4 text-emerald-400"
                  fill="none"
                  height="24"
                  stroke="currentColor"
                  stroke-linecap="round"
                  stroke-linejoin="round"
                  stroke-width="2"
                  viewBox="0 0 24 24"
                  width="24"
                  xmlns="http://www.w3.org/2000/svg"
                >
                  <path
                    d="M3 12a9 9 0 1 0 9-9 9.75 9.75 0 0 0-6.74 2.74L3 8"
                  />
                  <path
                    d="M3 3v5h5"
                  />
                </svg>
                Es un gasto recurrente (arriendo, Netflix, etc.)
              </label>
            </div>
          </div>
          <div
            class="flex items-center gap-4 pt-4"
          >
            <button
              class="btn-gradient flex-1 flex items-center justify-center gap-2"
              type="submit"
            >
              <span>
                Crear gasto
              </span>
            </button>
          </div>
        </form>
      </div>
    </body>

      110 |
      111 |         // Rellenar datos m├¡nimos
    > 112 |         fireEvent.change(screen.getByLabelText(/Monto \*/i), { target: { value: '1000' } })
          |                                 ^
      113 |         
      114 |         // Simular env├¡o
      115 |         fireEvent.submit(screen.getByRole('button', { name: /Crear gasto/i }))

      at Object.getElementError (node_modules/@testing-library/dom/dist/config.js:37:19)
      at getAllByLabelText (node_modules/@testing-library/dom/dist/queries/label-text.js:108:40)
      at node_modules/@testing-library/dom/dist/query-helpers.js:52:17
      at node_modules/@testing-library/dom/dist/query-helpers.js:95:19
      at Object.getByLabelText (src/components/expenses/__tests__/ExpenseForm.test.tsx:112:33)

Test Suites: 3 failed, 3 passed, 6 total
Tests:       13 failed, 35 passed, 48 total
Snapshots:   0 total
Time:        4.794 s
Ran all test suites.
